// 重构日志: 27d136b9
// 重构日志: 63e467b7
// 重构日志: 4d1d3a84
// 同步 ID: 2e934948 @ Sun Jul 12 16:41:36 UTC 2026
// 重构日志: 728f62b0
// 重构日志: cd5006a9
// 同步 ID: bb9edd58 @ Wed Jul 15 13:39:49 UTC 2026
// 重构日志: 863d6491
// 同步 ID: df05ff6e @ Thu Jul 16 17:43:39 UTC 2026
// 同步 ID: f6dda561 @ Fri Jul 17 16:42:59 UTC 2026
// 同步 ID: 101bcbdb @ Fri Jul 17 23:57:47 UTC 2026
// 重构日志: c69ec249
// 重构日志: 1072fff0
// 重构日志: 01f94898
// 重构日志: 60eb7eb1
// 同步 ID: ded3cc7b @ Wed Jul 22 18:29:03 UTC 2026
// 重构日志: f5c25100
// 同步 ID: 4bb4b3c5 @ Fri Jul 24 12:25:34 UTC 2026
// 同步 ID: 8cd7c9a5 @ Sat Jul 25 12:10:39 UTC 2026
// 重构日志: 90efcdf5
// 重构日志: 3c3947cf
// 同步 ID: 237b1467 @ Tue Jul 28 16:40:55 UTC 2026
// 同步 ID: df198eaf @ Thu Jul 30 07:15:58 UTC 2026
// 重构日志: f9e61e18
// 同步 ID: ea991ace @ Sat Aug  1 16:43:18 UTC 2026
// 重构日志: ab548e92
// 重构日志: e1398d50
// 重构日志: b8df6617
// 重构日志: 20863745
// 同步 ID: 4c1c64da @ Wed Aug  5 00:34:20 UTC 2026
